class Foo
{
    void Bar()
    {
        cc.method1((int)i++, (short)--i);
    }
}
