class Foo
{
    void Bar()
    {
        int from = 0;
        what(from);
    }
}
