class Foo
{
    public override BoundNode VisitMethodGroup(BoundMethodGroup node) =>
        throwExceptionUtilities.Unreachable;
}
