class Foo
{
    string IGoo.this[string p, IGoo p2] { get { return p; } set { } }
}
