public class FeedParser
{
    static readonly string[] OrderedFeedKeywords =
        new string[] {"atom", "rss", "rdf", "xml", "feed"};
}
