class Foo
{
    int foo;

    int bar()
    {
        return 5;
    }
}