int bar()
{
    int x;
    if (y)
    {
        x = 3;
        y = false;
    }

    if (y)
    {
        z = 7;
    }
}