class Foo
{
    int bar()
    {
        s =
            $"Color [ R={func(b: 3):#0.##}, G={G:#0.##}, B={B:#0.##}, A={A:#0.##} ]";
        s = $"{p.Name} is \"{p.Age} year{(p.Age == 1 ? "" : "s")} old";
    }
}
